
         /\      Grafana   /‾‾/  
    /\  /  \     |\  __   /  /   
   /  \/    \    | |/ /  /   ‾‾\ 
  /          \   |   (  |  (‾)  |
 / __________ \  |_|\_\  \_____/ 

     execution: local
        script: main/main.js
        output: -

     scenarios: (100.00%) 1 scenario, 10 max VUs, 10m30s max duration (incl. graceful stop):
              * default: 100 iterations shared among 10 VUs (maxDuration: 10m0s, gracefulStop: 30s)


running (00m01.0s), 10/10 VUs, 0 complete and 0 interrupted iterations
default   [   0% ] 10 VUs  00m01.0s/10m0s  000/100 shared iters

running (00m02.0s), 10/10 VUs, 8 complete and 0 interrupted iterations
default   [   8% ] 10 VUs  00m02.0s/10m0s  008/100 shared iters

running (00m03.0s), 10/10 VUs, 16 complete and 0 interrupted iterations
default   [  16% ] 10 VUs  00m03.0s/10m0s  016/100 shared iters

running (00m04.0s), 10/10 VUs, 21 complete and 0 interrupted iterations
default   [  21% ] 10 VUs  00m04.0s/10m0s  021/100 shared iters

running (00m05.0s), 10/10 VUs, 28 complete and 0 interrupted iterations
default   [  28% ] 10 VUs  00m05.0s/10m0s  028/100 shared iters

running (00m06.0s), 10/10 VUs, 35 complete and 0 interrupted iterations
default   [  35% ] 10 VUs  00m06.0s/10m0s  035/100 shared iters

running (00m07.0s), 10/10 VUs, 42 complete and 0 interrupted iterations
default   [  42% ] 10 VUs  00m07.0s/10m0s  042/100 shared iters

running (00m08.0s), 10/10 VUs, 49 complete and 0 interrupted iterations
default   [  49% ] 10 VUs  00m08.0s/10m0s  049/100 shared iters

running (00m09.0s), 10/10 VUs, 56 complete and 0 interrupted iterations
default   [  56% ] 10 VUs  00m09.0s/10m0s  056/100 shared iters

running (00m10.0s), 10/10 VUs, 62 complete and 0 interrupted iterations
default   [  62% ] 10 VUs  00m10.0s/10m0s  062/100 shared iters

running (00m11.0s), 10/10 VUs, 70 complete and 0 interrupted iterations
default   [  70% ] 10 VUs  00m11.0s/10m0s  070/100 shared iters

running (00m12.0s), 10/10 VUs, 77 complete and 0 interrupted iterations
default   [  77% ] 10 VUs  00m12.0s/10m0s  077/100 shared iters

running (00m13.0s), 10/10 VUs, 83 complete and 0 interrupted iterations
default   [  83% ] 10 VUs  00m13.0s/10m0s  083/100 shared iters

running (00m14.0s), 10/10 VUs, 90 complete and 0 interrupted iterations
default   [  90% ] 10 VUs  00m14.0s/10m0s  090/100 shared iters

running (00m15.0s), 04/10 VUs, 96 complete and 0 interrupted iterations
default   [  96% ] 10 VUs  00m15.0s/10m0s  096/100 shared iters

running (00m16.0s), 02/10 VUs, 98 complete and 0 interrupted iterations
default   [  98% ] 10 VUs  00m16.0s/10m0s  098/100 shared iters

running (00m17.0s), 02/10 VUs, 98 complete and 0 interrupted iterations
default   [  98% ] 10 VUs  00m17.0s/10m0s  098/100 shared iters

running (00m18.0s), 02/10 VUs, 98 complete and 0 interrupted iterations
default   [  98% ] 10 VUs  00m18.0s/10m0s  098/100 shared iters

running (00m19.0s), 02/10 VUs, 98 complete and 0 interrupted iterations
default   [  98% ] 10 VUs  00m19.0s/10m0s  098/100 shared iters

running (00m20.0s), 02/10 VUs, 98 complete and 0 interrupted iterations
default   [  98% ] 10 VUs  00m20.0s/10m0s  098/100 shared iters

running (00m21.0s), 02/10 VUs, 98 complete and 0 interrupted iterations
default   [  98% ] 10 VUs  00m21.0s/10m0s  098/100 shared iters

running (00m22.0s), 02/10 VUs, 98 complete and 0 interrupted iterations
default   [  98% ] 10 VUs  00m22.0s/10m0s  098/100 shared iters

running (00m23.0s), 02/10 VUs, 98 complete and 0 interrupted iterations
default   [  98% ] 10 VUs  00m23.0s/10m0s  098/100 shared iters

running (00m24.0s), 02/10 VUs, 98 complete and 0 interrupted iterations
default   [  98% ] 10 VUs  00m24.0s/10m0s  098/100 shared iters

running (00m25.0s), 02/10 VUs, 98 complete and 0 interrupted iterations
default   [  98% ] 10 VUs  00m25.0s/10m0s  098/100 shared iters

running (00m26.0s), 02/10 VUs, 98 complete and 0 interrupted iterations
default   [  98% ] 10 VUs  00m26.0s/10m0s  098/100 shared iters

running (00m27.0s), 02/10 VUs, 98 complete and 0 interrupted iterations
default   [  98% ] 10 VUs  00m27.0s/10m0s  098/100 shared iters

running (00m28.0s), 02/10 VUs, 98 complete and 0 interrupted iterations
default   [  98% ] 10 VUs  00m28.0s/10m0s  098/100 shared iters

running (00m29.0s), 02/10 VUs, 98 complete and 0 interrupted iterations
default   [  98% ] 10 VUs  00m29.0s/10m0s  098/100 shared iters

running (00m30.0s), 02/10 VUs, 98 complete and 0 interrupted iterations
default   [  98% ] 10 VUs  00m30.0s/10m0s  098/100 shared iters

running (00m31.0s), 02/10 VUs, 98 complete and 0 interrupted iterations
default   [  98% ] 10 VUs  00m31.0s/10m0s  098/100 shared iters


  █ TOTAL RESULTS 

    checks_total.......: 1300   41.780382/s
    checks_succeeded...: 7.38%  96 out of 1300
    checks_failed......: 92.61% 1204 out of 1300

    ✗ 200 OK
      ↳  88% — ✓ 88 / ✗ 12
    ✗ 201 Created
      ↳  0% — ✓ 0 / ✗ 100
    ✗ 204 No Content
      ↳  0% — ✓ 0 / ✗ 100
    ✗ 400 Bad Request
      ↳  0% — ✓ 0 / ✗ 100
    ✗ 401 Unauthorized
      ↳  0% — ✓ 0 / ✗ 100
    ✗ 403 Forbidden
      ↳  0% — ✓ 0 / ✗ 100
    ✗ 404 Not Found
      ↳  0% — ✓ 0 / ✗ 100
    ✗ 422 Unprocessable Content
      ↳  0% — ✓ 0 / ✗ 100
    ✗ 429 Too Many Requests
      ↳  0% — ✓ 0 / ✗ 100
    ✗ 500 Internal Server Error
      ↳  8% — ✓ 8 / ✗ 92
    ✗ 502 Bad Gateway
      ↳  0% — ✓ 0 / ✗ 100
    ✗ 503 Service Unavailable
      ↳  0% — ✓ 0 / ✗ 100
    ✗ 504 Gateway Timeout
      ↳  0% — ✓ 0 / ✗ 100

    HTTP
    http_req_duration..............: avg=179.04ms min=0s      med=142.65ms max=445.72ms p(90)=340.99ms p(95)=420.95ms
      { expected_response:true }...: avg=165.24ms min=93.89ms med=140.38ms max=445.72ms p(90)=243.13ms p(95)=322.84ms
    http_req_failed................: 12.00% 12 out of 100
    http_reqs......................: 100    3.213876/s

    EXECUTION
    iteration_duration.............: avg=1.79s    min=1.09s   med=1.15s    max=31.11s   p(90)=1.41s    p(95)=1.49s   
    iterations.....................: 100    3.213876/s
    vus............................: 2      min=2         max=10
    vus_max........................: 10     min=10        max=10

    NETWORK
    data_received..................: 257 kB 8.3 kB/s
    data_sent......................: 208 kB 6.7 kB/s




running (00m31.1s), 00/10 VUs, 100 complete and 0 interrupted iterations
default ✓ [ 100% ] 10 VUs  00m31.1s/10m0s  100/100 shared iters
